// Jest Snapshot v1, https://goo.gl/fbAQLP

exports[`CalendarModal should render as expected 1`] = `
<div
  class="calendar"
>
  <div
    class="switch-month"
  >
    <button
      class="prev"
    >
      <svg
        class=""
        fill="none"
        height="14"
        viewBox="0 0 8 14"
        width="8"
        xmlns="http://www.w3.org/2000/svg"
      >
        <path
          d="M6.7 13.405C6.60134 13.4063 6.50344 13.3875 6.41231 13.3497C6.32117 13.3118 6.23872 13.2558 6.17 13.185L0.955 7.97C0.698525 7.71232 0.554539 7.36356 0.554539 7C0.554539 6.63644 0.698525 6.28767 0.955 6.03L6.17 0.814997C6.23929 0.744852 6.32182 0.68916 6.4128 0.65115C6.50378 0.613139 6.6014 0.593567 6.7 0.593567C6.7986 0.593567 6.89622 0.613139 6.9872 0.65115C7.07818 0.68916 7.16071 0.744852 7.23 0.814997C7.36924 0.956261 7.4473 1.14665 7.4473 1.345C7.4473 1.54335 7.36924 1.73373 7.23 1.875L2.105 7L7.23 12.125C7.36924 12.2663 7.4473 12.4566 7.4473 12.655C7.4473 12.8533 7.36924 13.0437 7.23 13.185C7.16093 13.2553 7.07841 13.3111 6.98736 13.3489C6.89631 13.3867 6.79858 13.4057 6.7 13.405Z"
          fill="#333333"
        />
      </svg>
    </button>
     April 
    <button
      class="next"
    >
      <svg
        class="arrowIconRev"
        fill="none"
        height="14"
        viewBox="0 0 8 14"
        width="8"
        xmlns="http://www.w3.org/2000/svg"
      >
        <path
          d="M6.7 13.405C6.60134 13.4063 6.50344 13.3875 6.41231 13.3497C6.32117 13.3118 6.23872 13.2558 6.17 13.185L0.955 7.97C0.698525 7.71232 0.554539 7.36356 0.554539 7C0.554539 6.63644 0.698525 6.28767 0.955 6.03L6.17 0.814997C6.23929 0.744852 6.32182 0.68916 6.4128 0.65115C6.50378 0.613139 6.6014 0.593567 6.7 0.593567C6.7986 0.593567 6.89622 0.613139 6.9872 0.65115C7.07818 0.68916 7.16071 0.744852 7.23 0.814997C7.36924 0.956261 7.4473 1.14665 7.4473 1.345C7.4473 1.54335 7.36924 1.73373 7.23 1.875L2.105 7L7.23 12.125C7.36924 12.2663 7.4473 12.4566 7.4473 12.655C7.4473 12.8533 7.36924 13.0437 7.23 13.185C7.16093 13.2553 7.07841 13.3111 6.98736 13.3489C6.89631 13.3867 6.79858 13.4057 6.7 13.405Z"
          fill="#333333"
        />
      </svg>
    </button>
  </div>
  <ol
    class="calendar__container"
  >
    <div
      class="calendar__week"
    >
      
      <li
        class="flex center"
      >
        Mon
      </li>
      <li
        class="flex center"
      >
        Tue
      </li>
      <li
        class="flex center"
      >
        Wed
      </li>
      <li
        class="flex center"
      >
        Thu
      </li>
      <li
        class="flex center"
      >
        Fri
      </li>
      <li
        class="flex center"
      >
        Sat
      </li>
      <li
        class="flex center"
      >
        Sun
      </li>
      
    </div>
    
    <div
      class="calendar__week"
    >
      
      <li
        class="day-button virtual"
        data-picked="0"
      >
        28
      </li>
      <li
        class="day-button virtual"
        data-picked="0"
      >
        29
      </li>
      <li
        class="day-button virtual"
        data-picked="0"
      >
        30
      </li>
      <li
        class="day-button virtual"
        data-picked="0"
      >
        31
      </li>
      <li
        class="day-button"
        data-picked="0"
      >
        1
      </li>
      <li
        class="day-button"
        data-picked="0"
      >
        2
      </li>
      <li
        class="day-button"
        data-picked="0"
      >
        3
      </li>
      
    </div>
    <div
      class="calendar__week"
    >
      
      <li
        class="day-button"
        data-picked="0"
      >
        4
      </li>
      <li
        class="day-button"
        data-picked="0"
      >
        5
      </li>
      <li
        class="day-button"
        data-picked="0"
      >
        6
      </li>
      <li
        class="day-button"
        data-picked="0"
      >
        7
      </li>
      <li
        class="day-button"
        data-picked="0"
      >
        8
      </li>
      <li
        class="day-button"
        data-picked="0"
      >
        9
      </li>
      <li
        class="day-button"
        data-picked="0"
      >
        10
      </li>
      
    </div>
    <div
      class="calendar__week"
    >
      
      <li
        class="day-button"
        data-picked="0"
      >
        11
      </li>
      <li
        class="day-button"
        data-picked="0"
      >
        12
      </li>
      <li
        class="day-button"
        data-picked="0"
      >
        13
      </li>
      <li
        class="day-button"
        data-picked="0"
      >
        14
      </li>
      <li
        class="day-button"
        data-picked="0"
      >
        15
      </li>
      <li
        class="day-button"
        data-picked="0"
      >
        16
      </li>
      <li
        class="day-button"
        data-picked="0"
      >
        17
      </li>
      
    </div>
    <div
      class="calendar__week"
    >
      
      <li
        class="day-button"
        data-picked="0"
      >
        18
      </li>
      <li
        class="day-button"
        data-picked="0"
      >
        19
      </li>
      <li
        class="day-button"
        data-picked="0"
      >
        20
      </li>
      <li
        class="day-button"
        data-picked="0"
      >
        21
      </li>
      <li
        class="day-button"
        data-picked="0"
      >
        22
      </li>
      <li
        class="day-button"
        data-picked="0"
      >
        23
      </li>
      <li
        class="day-button"
        data-picked="0"
      >
        24
      </li>
      
    </div>
    <div
      class="calendar__week"
    >
      
      <li
        class="day-button"
        data-picked="0"
      >
        25
      </li>
      <li
        class="day-button"
        data-picked="0"
      >
        26
      </li>
      <li
        class="day-button"
        data-picked="0"
      >
        27
      </li>
      <li
        class="day-button"
        data-picked="0"
      >
        28
      </li>
      <li
        class="day-button"
        data-picked="0"
      >
        29
      </li>
      <li
        class="day-button"
        data-picked="0"
      >
        30
      </li>
      <li
        class="day-button virtual"
        data-picked="0"
      >
        1
      </li>
      
    </div>
    
  </ol>
</div>
`;
